<html>
<body>
<pre>
<h1>µVision Build Log</h1>
<h2>Tool Versions:</h2>
IDE-Version: µVision V5.20.0.0
Copyright (C) 2016 ARM Ltd and ARM Germany GmbH. All rights reserved.
License Information: Engineering Workstations UIUC Flex license: MDK-ARM Professional: 100 user(s) (mdk_pro) Operation stops: 15 Dec 2017
 
Tool Versions:
Toolchain:       MDK-ARM Professional: 100 user(s)  Version: 5.20
Toolchain Path:  C:\Keil_v5\ARM\ARMCC\Bin
C Compiler:      Armcc.exe V5.06 update 2 (build 183)
Assembler:       Armasm.exe V5.06 update 2 (build 183)
Linker/Locator:  ArmLink.exe V5.06 update 2 (build 183)
Library Manager: ArmAr.exe V5.06 update 2 (build 183)
Hex Converter:   FromElf.exe V5.06 update 2 (build 183)
CPU DLL:         SARMCM3.DLL V5.20
Dialog DLL:      DARMP1.DLL V1.26.0.0
Target DLL:      UL2CM3.DLL V1.157.18.0
Dialog DLL:      TARMP1.DLL V1.25.0.0
 
<h2>Project:</h2>
\\ad.uillinois.edu\engr\instructional\jchen172\Desktop\ece395\Software\automated_blinds.uvproj
Project File Date:  10/01/2017

<h2>Output:</h2>
*** Using Compiler 'V5.06 update 2 (build 183)', folder: 'C:\Keil_v5\ARM\ARMCC\Bin'
Build target 'automated_blinds'
compiling SSD1306.c...
SSD1306.c(130): warning:  #177-D: variable "control_byte" was declared but never referenced
  	uint8_t control_byte = 0x40;
SSD1306.c(131): warning:  #177-D: variable "data" was declared but never referenced
  	uint8_t data[17];
SSD1306.c(132): warning:  #177-D: variable "i" was declared but never referenced
  	int i = 0;
SSD1306.c(133): warning:  #177-D: variable "j" was declared but never referenced
  	int j = 1;
SSD1306.c: 4 warnings, 0 errors
linking...
Program Size: Code=3432 RO-data=224 RW-data=532 ZI-data=612  
".\automated_blinds.axf" - 0 Error(s), 4 Warning(s).
Build Time Elapsed:  00:00:01
</pre>
</body>
</html>
