<html>
<body>
<pre>
<h1>µVision Build Log</h1>
<h2>Tool Versions:</h2>
IDE-Version: µVision V5.20.0.0
Copyright (C) 2016 ARM Ltd and ARM Germany GmbH. All rights reserved.
License Information: Engineering Workstations UIUC Flex license: MDK-ARM Professional: 100 user(s) (mdk_pro) Operation stops: 15 Dec 2017
 
Tool Versions:
Toolchain:       MDK-ARM Professional: 100 user(s)  Version: 5.20
Toolchain Path:  C:\Keil_v5\ARM\ARMCC\Bin
C Compiler:      Armcc.exe V5.06 update 2 (build 183)
Assembler:       Armasm.exe V5.06 update 2 (build 183)
Linker/Locator:  ArmLink.exe V5.06 update 2 (build 183)
Library Manager: ArmAr.exe V5.06 update 2 (build 183)
Hex Converter:   FromElf.exe V5.06 update 2 (build 183)
CPU DLL:         SARMCM3.DLL V5.20
Dialog DLL:      DARMP1.DLL V1.26.0.0
Target DLL:      UL2CM3.DLL V1.157.18.0
Dialog DLL:      TARMP1.DLL V1.25.0.0
 
<h2>Project:</h2>
\\ad.uillinois.edu\engr\instructional\jchen172\Desktop\ece395\Software\serial.uvproj
Project File Date:  09/30/2017

<h2>Output:</h2>
*** Using Compiler 'V5.06 update 2 (build 183)', folder: 'C:\Keil_v5\ARM\ARMCC\Bin'
Build target 'serial'
compiling Serial.c...
compiling I2C.c...
I2C.c(62): warning:  #111-D: statement is unreachable
  			break;
I2C.c(67): warning:  #111-D: statement is unreachable
  			break;
I2C.c(79): warning:  #111-D: statement is unreachable
  				break;
I2C.c(84): warning:  #111-D: statement is unreachable
  				break;
I2C.c(89): warning:  #111-D: statement is unreachable
  				break;
I2C.c(94): warning:  #111-D: statement is unreachable
  				break;
I2C.c(134): warning:  #111-D: statement is unreachable
  			break;
I2C.c(139): warning:  #111-D: statement is unreachable
  			break;
I2C.c(144): warning:  #111-D: statement is unreachable
  			break;
I2C.c(149): warning:  #111-D: statement is unreachable
  			break;
I2C.c: 10 warnings, 0 errors
compiling main.c...
main.c(42): warning:  #177-D: variable "j" was declared but never referenced
  	int i, j = 0;
main.c: 1 warning, 0 errors
linking...
Program Size: Code=2516 RO-data=224 RW-data=16 ZI-data=608  
".\serial.axf" - 0 Error(s), 11 Warning(s).
Build Time Elapsed:  00:00:01
</pre>
</body>
</html>
